// Jest Snapshot v1, https://goo.gl/fbAQLP

exports[`DashboardWrapper should render properly 1`] = `
<DocumentFragment>
  <div
    class="govuk-grid-row outer"
  >
    <div
      class="govuk-grid-column-one-quarter"
    >
      <div
        class="sticky"
      >
        <nav>
          <ul
            class="lbh-list"
          >
            <li>
              <a
                class="lbh-link lbh-link--no-visited-state navLink"
                href="/"
              >
                Allocations
              </a>
            </li>
            <li>
              <a
                class="lbh-link lbh-link--no-visited-state navLink"
                href="/work-in-progress"
              >
                Work in progress
              </a>
            </li>
            <li>
              <a
                class="lbh-link lbh-link--no-visited-state navLink"
                href="/my-work"
              >
                My work
              </a>
            </li>
          </ul>
        </nav>
      </div>
    </div>
    <div
      class="govuk-grid-column-three-quarters"
    >
      <div>
        foo
      </div>
    </div>
  </div>
</DocumentFragment>
`;
