// Jest Snapshot v1, https://goo.gl/fbAQLP

exports[`PhaseBanner should render properly 1`] = `
<DocumentFragment>
  <div
    class="govuk-phase-banner lbh-phase-banner lbh-container"
  >
    <p
      class="govuk-phase-banner__content"
    >
      <strong
        class="govuk-tag govuk-phase-banner__content__tag"
      >
        alpha
      </strong>
      <span
        class="govuk-phase-banner__text"
      >
        Need help? Check out the 
        <a
          class="lbh-link lbh-link--no-visited-state"
          href="foo"
          rel="noreferrer noopener"
          target="_blank"
        >
          FAQ
        </a>
         or the 
        <a
          class="lbh-link lbh-link--no-visited-state"
          href="bar"
          rel="noreferrer noopener"
          target="_blank"
        >
          handbook
        </a>
        . If you don't find the answer, contact 
        <a
          href="mailto:social-care.support@hackney.gov.uk"
        >
          support
        </a>
         
      </span>
    </p>
  </div>
</DocumentFragment>
`;
