// Jest Snapshot v1, https://goo.gl/fbAQLP

exports[`CaseLink component should render properly - with handled link for viewing warning notes 1`] = `
<DocumentFragment>
  <a
    class="lbh-link"
    href="/people/123/warning-notes/456/view/note-created"
  >
    View
  </a>
</DocumentFragment>
`;
