// Jest Snapshot v1, https://goo.gl/fbAQLP

exports[`useWarningNotes should render a list of warning notes 1`] = `
<DocumentFragment>
  <div
    aria-labelledby="warning-note-title"
    class="govuk-error-summary govuk-!-margin-bottom-8 container"
    role="complementary"
    tabindex="-1"
  >
    <h2
      class="govuk-error-summary__title"
      id="warning-note-title"
    >
      WARNING NOTE
    </h2>
    <div>
      <div
        class="govuk-error-summary__body"
      >
        <div
          class="note"
        >
          <dl
            class="noteDetails"
          >
            <dt>
              Type
            </dt>
            <dd>
              Risk to Staff
            </dd>
            <dt>
              Start date
            </dt>
            <dd>
              22/11/2020 
              <i>
                created by
              </i>
               Foo
            </dd>
            <dt>
              Next review date
            </dt>
            <dd>
              12/11/2020 
            </dd>
          </dl>
          <a
            class="govuk-link govuk-link-underline"
            href="/people/123/warning-notes/3"
          >
            Review / end
          </a>
        </div>
        <p>
          For further information see Warning Note in Records History
        </p>
      </div>
    </div>
  </div>
</DocumentFragment>
`;
