// Jest Snapshot v1, https://goo.gl/fbAQLP

exports[`WarningNoteRecap should render correctly 1`] = `
<DocumentFragment>
  <div
    class="govuk-!-margin-bottom-7"
  >
    <div
      class="lbh-table-header"
    >
      <div
        class="sectionTitle"
      >
        <h3
          class="govuk-heading-m govuk-custom-text-color govuk-!-margin-bottom-0"
        >
          WARNING DETAILS
        </h3>
      </div>
    </div>
    <hr
      class="govuk-divider"
    />
    <dl
      class="govuk-summary-list"
    >
      <div
        class="govuk-summary-list__row"
      >
        <dt
          class="govuk-summary-list__key"
        >
          Warning type
        </dt>
        <dd
          class="govuk-summary-list__value"
        >
          Risk to Adults
        </dd>
      </div>
      <div
        class="govuk-summary-list__row"
      >
        <dt
          class="govuk-summary-list__key"
        >
          Start date
        </dt>
        <dd
          class="govuk-summary-list__value"
        >
          22/11/2020
        </dd>
      </div>
      <div
        class="govuk-summary-list__row"
      >
        <dt
          class="govuk-summary-list__key"
        >
          Review / end date
        </dt>
        <dd
          class="govuk-summary-list__value"
        >
          01/12/2020
        </dd>
      </div>
      <div
        class="govuk-summary-list__row"
      >
        <dt
          class="govuk-summary-list__key"
        >
          Is the individual aware of the Warning Note and Review Date?
        </dt>
        <dd
          class="govuk-summary-list__value"
        >
          Yes
        </dd>
      </div>
      <div
        class="govuk-summary-list__row"
      >
        <dt
          class="govuk-summary-list__key"
        >
          Date informed
        </dt>
        <dd
          class="govuk-summary-list__value"
        >
          12/11/2020
        </dd>
      </div>
      <div
        class="govuk-summary-list__row"
      >
        <dt
          class="govuk-summary-list__key"
        >
          How was the individual informed
        </dt>
        <dd
          class="govuk-summary-list__value"
        >
          Written
        </dd>
      </div>
      <div
        class="govuk-summary-list__row"
      >
        <dt
          class="govuk-summary-list__key"
        >
          Details of disclosure to individual
        </dt>
        <dd
          class="govuk-summary-list__value"
        >
          <div
            class="outer"
          >
            <p
              data-testid="para"
            >
              lorem ipsum
            </p>
          </div>
        </dd>
      </div>
      <div
        class="govuk-summary-list__row"
      >
        <dt
          class="govuk-summary-list__key"
        >
          Warning narrative and risks notes
        </dt>
        <dd
          class="govuk-summary-list__value"
        >
          <div
            class="outer"
          >
            <p
              data-testid="para"
            >
              i am a note
            </p>
          </div>
        </dd>
      </div>
      <div
        class="govuk-summary-list__row"
      >
        <dt
          class="govuk-summary-list__key"
        >
          Managerâ€™s name
        </dt>
        <dd
          class="govuk-summary-list__value"
        >
          the big boss
        </dd>
      </div>
      <div
        class="govuk-summary-list__row"
      >
        <dt
          class="govuk-summary-list__key"
        >
          Date discussed with manager
        </dt>
        <dd
          class="govuk-summary-list__value"
        >
          12/11/2020
        </dd>
      </div>
      <div
        class="govuk-summary-list__row"
      >
        <dt
          class="govuk-summary-list__key"
        >
          Created by
        </dt>
        <dd
          class="govuk-summary-list__value"
        >
          Foo
        </dd>
      </div>
    </dl>
  </div>
</DocumentFragment>
`;
