// Jest Snapshot v1, https://goo.gl/fbAQLP

exports[`HistoricNote should display historic case note 1`] = `
<DocumentFragment>
  <span
    class="govuk-error-message lbh-error-message"
  >
    <span
      class="govuk-visually-hidden"
    >
      Error:
    </span>
     There was a problem. Please refresh the page or try again later.
  </span>
</DocumentFragment>
`;
